python : INFO:fep_cognitive_architecture:Initialized Hierarchical Generative Model with 2 levels
At line:1 char:1
+ python tests/test_fep_architecture.py > test_output.txt 2>&1
+ ~~~~~~~~~~~~~~~~~~~~~~~~~~~~~~~~~~~~~~~~~~~~~~~~~~~~~~~~~~~~
    + CategoryInfo          : NotSpecified: (INFO:fep_cognit...l with 2 levels:String) [], RemoteE 
   xception
    + FullyQualifiedErrorId : NativeCommandError
 
INFO:fep_cognitive_architecture:FEP Cognitive Architecture initialized successfully
INFO:fep_cognitive_architecture:Environmental shift detected - triggering adaptation
INFO:fep_cognitive_architecture:MCM: Triggering controlled exploration mode
WARNING:fep_cognitive_architecture:MCM: System entering CRITICAL state
INFO:fep_cognitive_architecture:MCM: System RECOVERING
INFO:fep_cognitive_architecture:MCM: System returned to STABLE state
WARNING:fep_cognitive_architecture:MCM: System entering CRITICAL state
INFO:fep_cognitive_architecture:MCM: System RECOVERING
============================================================
FEP COGNITIVE ARCHITECTURE - TEST SUITE
============================================================
Testing system initialization...
   All components initialized correctly

Testing perception-action cycle...
   Single cycle executed successfully
   Free energy: 1.896
   System state: stable

Testing free energy minimization...
   Free energy decreased from 0.962 to 0.220
   Improvement: 0.742

Testing environmental adaptation...
   Baseline FE: 0.210
   Peak adaptation FE: 1.981
   Final adaptation FE: 0.875

Testing meta-cognitive monitoring...
   MCM active and producing valid outputs
   Current system state: critical

Testing stability control...
   Learning rates in range: 0.010000 - 0.010000
   Learning rate variance: 0.00000000

Testing system summary...
   Total steps: 39
   Current state: recovering
   Average free energy: 2.444

============================================================
TEST SUMMARY
============================================================
Traceback (most recent call last):
  File "C:\Users\renua\Downloads\project alpha\tests\test_fep_architecture.py", line 294, in 
<module>
    success = tester.run_all_tests()
              ^^^^^^^^^^^^^^^^^^^^^^
  File "C:\Users\renua\Downloads\project alpha\tests\test_fep_architecture.py", line 249, in 
run_all_tests
    print(result)
  File "C:\Users\renua\AppData\Local\Programs\Python\Python312\Lib\encodings\cp1252.py", line 19, 
in encode
    return codecs.charmap_encode(input,self.errors,encoding_table)[0]
           ^^^^^^^^^^^^^^^^^^^^^^^^^^^^^^^^^^^^^^^^^^^^^^^^^^^^^^^
UnicodeEncodeError: 'charmap' codec can't encode character '\u2705' in position 0: character maps 
to <undefined>
